run68:Human68k形式のパス名に変換できないため、PSP内の実行ファイル名を"A:\PROG.X"に変更します。
[2J[H....................
....................
....................
....................
....................
....................
....................
....................
...$................
....................
..........!...<.....
....................
....................
....................
....................
....................
....................
....................
....................
....................

R:1 X:49 Y:49 Z:0
Prototype 01 X68000 (20x20)
-
WASD move | H help | M monster | Q
_getche()
[23;1H[2KQuit? 1=yes 0=no[25;1H_getche()
_getche()

Bye.
